
> Configure project :app
WARNING: The option setting 'android.defaults.buildfeatures.buildconfig=true' is deprecated.
The current default is 'false'.
It will be removed in version 9.0 of the Android Gradle plugin.
You can resolve this warning in Android Studio via `Refactor` > `Migrate BuildConfig to Gradle Build Files`

> Task :app:preBuild UP-TO-DATE
> Task :app:preDebugBuild UP-TO-DATE
> Task :app:mergeDebugNativeDebugMetadata NO-SOURCE
> Task :app:generateDebugBuildConfig UP-TO-DATE
> Task :app:checkDebugAarMetadata UP-TO-DATE
> Task :app:generateDebugResValues UP-TO-DATE
> Task :app:mapDebugSourceSetPaths UP-TO-DATE
> Task :app:generateDebugResources UP-TO-DATE
> Task :app:mergeDebugResources UP-TO-DATE
> Task :app:packageDebugResources UP-TO-DATE
> Task :app:parseDebugLocalResources UP-TO-DATE
> Task :app:createDebugCompatibleScreenManifests UP-TO-DATE
> Task :app:extractDeepLinksDebug UP-TO-DATE
> Task :app:processDebugMainManifest UP-TO-DATE
> Task :app:processDebugManifest UP-TO-DATE
> Task :app:processDebugManifestForPackage UP-TO-DATE
> Task :app:processDebugResources UP-TO-DATE
> Task :app:javaPreCompileDebug UP-TO-DATE
> Task :app:mergeDebugShaders UP-TO-DATE
> Task :app:compileDebugShaders NO-SOURCE
> Task :app:generateDebugAssets UP-TO-DATE
> Task :app:mergeDebugAssets UP-TO-DATE
> Task :app:compressDebugAssets UP-TO-DATE
> Task :app:checkDebugDuplicateClasses UP-TO-DATE
> Task :app:desugarDebugFileDependencies UP-TO-DATE
> Task :app:mergeExtDexDebug UP-TO-DATE
> Task :app:mergeLibDexDebug UP-TO-DATE
> Task :app:mergeDebugJniLibFolders UP-TO-DATE
> Task :app:mergeDebugNativeLibs NO-SOURCE
> Task :app:stripDebugDebugSymbols NO-SOURCE
> Task :app:validateSigningDebug UP-TO-DATE
> Task :app:writeDebugAppMetadata UP-TO-DATE
> Task :app:writeDebugSigningConfigVersions UP-TO-DATE

> Task :app:compileDebugKotlin
./gradlew : e: file://
/C:/Users/Alejandro/Do
wnloads/API%20SICEnet/
basic-android-kotlin-c
ompose-training-mars-p
hotos-coil-starter/app
/src/main/java/com/exa
mple/marsphotos/data/S
NRepository.kt:209:40 
Only safe (?.) or 
non-null asserted 
(!!.) calls are 
allowed on a nullable 
receiver of type 
String?
En línea: 1 Carácter: 
1
+ ./gradlew 
:app:assembleDebug > 
build_errors.txt 2>&1
+ ~~~~~~~~~~~~~~~~~~~~
~~~~~~~~~~~~~~~~~~~~~~
~~~~~~~~~~
    + CategoryInfo    
          : NotSpeci  
  fied: (e: file://   
 /C:/U...of type S    
tring?:String) []    
, RemoteException
    + FullyQualifiedE 
   rrorId : NativeCo  
  mmandError
 
e: file:///C:/Users/Al
ejandro/Downloads/API%
20SICEnet/basic-androi
d-kotlin-compose-train
ing-mars-photos-coil-s
tarter/app/src/main/ja
va/com/example/marspho
tos/data/SNRepository.
kt:210:48 Only safe 
(?.) or non-null 
asserted (!!.) calls 
are allowed on a 
nullable receiver of 
type String?
e: file:///C:/Users/Al
ejandro/Downloads/API%
20SICEnet/basic-androi
d-kotlin-compose-train
ing-mars-photos-coil-s
tarter/app/src/main/ja
va/com/example/marspho
tos/data/SNRepository.
kt:212:94 Only safe 
(?.) or non-null 
asserted (!!.) calls 
are allowed on a 
nullable receiver of 
type String?
e: file:///C:/Users/Al
ejandro/Downloads/API%
20SICEnet/basic-androi
d-kotlin-compose-train
ing-mars-photos-coil-s
tarter/app/src/main/ja
va/com/example/marspho
tos/data/SNRepository.
kt:212:118 Only safe 
(?.) or non-null 
asserted (!!.) calls 
are allowed on a 
nullable receiver of 
type String?
e: file:///C:/Users/Al
ejandro/Downloads/API%
20SICEnet/basic-androi
d-kotlin-compose-train
ing-mars-photos-coil-s
tarter/app/src/main/ja
va/com/example/marspho
tos/data/SNRepository.
kt:215:37 Only safe 
(?.) or non-null 
asserted (!!.) calls 
are allowed on a 
nullable receiver of 
type String?
e: file:///C:/Users/Al
ejandro/Downloads/API%
20SICEnet/basic-androi
d-kotlin-compose-train
ing-mars-photos-coil-s
tarter/app/src/main/ja
va/com/example/marspho
tos/data/SNRepository.
kt:216:58 Only safe 
(?.) or non-null 
asserted (!!.) calls 
are allowed on a 
nullable receiver of 
type String?
e: file:///C:/Users/Al
ejandro/Downloads/API%
20SICEnet/basic-androi
d-kotlin-compose-train
ing-mars-photos-coil-s
tarter/app/src/main/ja
va/com/example/marspho
tos/data/SNRepository.
kt:217:41 Only safe 
(?.) or non-null 
asserted (!!.) calls 
are allowed on a 
nullable receiver of 
type String?
e: file:///C:/Users/Al
ejandro/Downloads/API%
20SICEnet/basic-androi
d-kotlin-compose-train
ing-mars-photos-coil-s
tarter/app/src/main/ja
va/com/example/marspho
tos/data/SNRepository.
kt:217:60 Only safe 
(?.) or non-null 
asserted (!!.) calls 
are allowed on a 
nullable receiver of 
type String?
e: file:///C:/Users/Al
ejandro/Downloads/API%
20SICEnet/basic-androi
d-kotlin-compose-train
ing-mars-photos-coil-s
tarter/app/src/main/ja
va/com/example/marspho
tos/data/SNRepository.
kt:232:82 Type 
mismatch: inferred 
type is String? but 
CharSequence was 
expected
e: file:///C:/Users/Al
ejandro/Downloads/API%
20SICEnet/basic-androi
d-kotlin-compose-train
ing-mars-photos-coil-s
tarter/app/src/main/ja
va/com/example/marspho
tos/data/SNRepository.
kt:233:76 Type 
mismatch: inferred 
type is String? but 
CharSequence was 
expected
e: file:///C:/Users/Al
ejandro/Downloads/API%
20SICEnet/basic-androi
d-kotlin-compose-train
ing-mars-photos-coil-s
tarter/app/src/main/ja
va/com/example/marspho
tos/data/SNRepository.
kt:234:82 Type 
mismatch: inferred 
type is String? but 
CharSequence was 
expected
e: file:///C:/Users/Al
ejandro/Downloads/API%
20SICEnet/basic-androi
d-kotlin-compose-train
ing-mars-photos-coil-s
tarter/app/src/main/ja
va/com/example/marspho
tos/data/SNRepository.
kt:235:78 Type 
mismatch: inferred 
type is String? but 
CharSequence was 
expected
e: file:///C:/Users/Al
ejandro/Downloads/API%
20SICEnet/basic-androi
d-kotlin-compose-train
ing-mars-photos-coil-s
tarter/app/src/main/ja
va/com/example/marspho
tos/data/SNRepository.
kt:236:80 Type 
mismatch: inferred 
type is String? but 
CharSequence was 
expected
e: file:///C:/Users/Al
ejandro/Downloads/API%
20SICEnet/basic-androi
d-kotlin-compose-train
ing-mars-photos-coil-s
tarter/app/src/main/ja
va/com/example/marspho
tos/data/SNRepository.
kt:237:80 Type 
mismatch: inferred 
type is String? but 
CharSequence was 
expected

> Task :app:compileDebugKotlin FAILED

FAILURE: Build failed 
with an exception.

* What went wrong:
Execution failed for 
task ':app:compileDebu
gKotlin'.
> A failure occurred 
while executing org.je
tbrains.kotlin.compile
rRunner.GradleCompiler
RunnerWithWorkers$Grad
leKotlinCompilerWorkAc
tion
   > Compilation 
error. See log for 
more details

* Try:
> Run with 
--stacktrace option 
to get the stack 
trace.
> Run with --info or 
--debug option to get 
more log output.
> Run with --scan to 
get full insights.
> Get more help at htt
ps://help.gradle.org.

BUILD FAILED in 12s
26 actionable tasks: 1 executed, 25 up-to-date
